{
  "status": "ok",
  "failure": null,
  "cameras": 6,
  "width": 1280,
  "height": 720,
  "target_fps": 30,
  "duration_s": 30.0,
  "delay_ms": 30.0,
  "policy": "fifo",
  "slots": 32,
  "aggregate_fps": 31.666666666666668,
  "min_camera_fps": 5.266666666666667,
  "completion_ratio": 0.17592592592592593,
  "explicit_drop_pct": 78.87037037037037,
  "deadline_miss_pct": 0.0,
  "backlog_at_end": 191,
  "latency_mean_ms": 5323.84490968396,
  "latency_p95_ms": 6156.011160003982,
  "queue_wait_p95_ms": 6124.636374997499,
  "copy_p95_ms": 2.312809996510623,
  "target_payload_Mbps": 6635.52,
  "completed_payload_MBps": 145.92,
  "pool_MB": 884.736,
  "cpu_normalized_mean_pct": 0.675328947368421,
  "rss_sum_peak_MB": 2003.595264,
  "backlog_sample_peak": 191,
  "gpu": "NA"
}
