{
  "status": "ok",
  "failure": null,
  "cameras": 6,
  "width": 1280,
  "height": 720,
  "target_fps": 30,
  "duration_s": 30.0,
  "delay_ms": 0.0,
  "policy": "fifo",
  "slots": 32,
  "aggregate_fps": 180.0,
  "min_camera_fps": 30.0,
  "completion_ratio": 1.0,
  "explicit_drop_pct": 0.0,
  "deadline_miss_pct": 0.0,
  "backlog_at_end": 0,
  "latency_mean_ms": 4.245123629462561,
  "latency_p95_ms": 5.878224996558857,
  "queue_wait_p95_ms": 2.7852300052472856,
  "copy_p95_ms": 0.838405007380062,
  "target_payload_Mbps": 6635.52,
  "completed_payload_MBps": 829.44,
  "pool_MB": 884.736,
  "cpu_normalized_mean_pct": 2.7484110169491527,
  "rss_sum_peak_MB": 2090.348544,
  "backlog_sample_peak": 5,
  "gpu": "NA"
}
