{
  "status": "ok",
  "failure": null,
  "cameras": 6,
  "width": 1280,
  "height": 720,
  "target_fps": 30,
  "duration_s": 30.0,
  "delay_ms": 30.0,
  "policy": "fifo",
  "slots": 32,
  "aggregate_fps": 31.566666666666666,
  "min_camera_fps": 5.233333333333333,
  "completion_ratio": 0.17537037037037037,
  "explicit_drop_pct": 78.92592592592592,
  "deadline_miss_pct": 0.0,
  "backlog_at_end": 191,
  "latency_mean_ms": 5340.2989332631105,
  "latency_p95_ms": 6184.73890000314,
  "queue_wait_p95_ms": 6153.1708999944385,
  "copy_p95_ms": 2.3883800007752143,
  "target_payload_Mbps": 6635.52,
  "completed_payload_MBps": 145.4592,
  "pool_MB": 884.736,
  "cpu_normalized_mean_pct": 1.3457974137931035,
  "rss_sum_peak_MB": 1991.503872,
  "backlog_sample_peak": 192,
  "gpu": "NA"
}
