{
  "status": "ok",
  "failure": null,
  "cameras": 6,
  "width": 1280,
  "height": 720,
  "target_fps": 30,
  "duration_s": 30.0,
  "delay_ms": 0.0,
  "policy": "latest",
  "slots": 32,
  "aggregate_fps": 180.0,
  "min_camera_fps": 30.0,
  "completion_ratio": 1.0,
  "explicit_drop_pct": 0.0,
  "deadline_miss_pct": 0.0,
  "backlog_at_end": 0,
  "latency_mean_ms": 4.320710759348003,
  "latency_p95_ms": 5.9335400103009315,
  "queue_wait_p95_ms": 3.140345003339462,
  "copy_p95_ms": 0.6110649963375183,
  "target_payload_Mbps": 6635.52,
  "completed_payload_MBps": 829.44,
  "pool_MB": 884.736,
  "cpu_normalized_mean_pct": 3.2636652542372877,
  "rss_sum_peak_MB": 2091.2128,
  "backlog_sample_peak": 5,
  "gpu": "NA"
}
