{
  "status": "ok",
  "failure": null,
  "cameras": 6,
  "width": 1280,
  "height": 720,
  "target_fps": 30,
  "duration_s": 30.0,
  "delay_ms": 30.0,
  "policy": "fifo",
  "slots": 32,
  "aggregate_fps": 31.466666666666665,
  "min_camera_fps": 5.233333333333333,
  "completion_ratio": 0.1748148148148148,
  "explicit_drop_pct": 78.85185185185185,
  "deadline_miss_pct": 0.1111111111111111,
  "backlog_at_end": 192,
  "latency_mean_ms": 5351.878925529552,
  "latency_p95_ms": 6155.381435003801,
  "queue_wait_p95_ms": 6123.5882949928055,
  "copy_p95_ms": 2.0217849909386127,
  "target_payload_Mbps": 6635.52,
  "completed_payload_MBps": 144.9984,
  "pool_MB": 884.736,
  "cpu_normalized_mean_pct": 0.7303879310344829,
  "rss_sum_peak_MB": 1980.874752,
  "backlog_sample_peak": 191,
  "gpu": "NA"
}
