{
  "status": "ok",
  "failure": null,
  "cameras": 6,
  "width": 1280,
  "height": 720,
  "target_fps": 30,
  "duration_s": 30.0,
  "delay_ms": 30.0,
  "policy": "latest",
  "slots": 32,
  "aggregate_fps": 31.166666666666668,
  "min_camera_fps": 5.166666666666667,
  "completion_ratio": 0.17314814814814813,
  "explicit_drop_pct": 82.48148148148148,
  "deadline_miss_pct": 0.0,
  "backlog_at_end": 11,
  "latency_mean_ms": 49.52427283445196,
  "latency_p95_ms": 68.17018999863649,
  "queue_wait_p95_ms": 34.53015999693889,
  "copy_p95_ms": 1.972000004025176,
  "target_payload_Mbps": 6635.52,
  "completed_payload_MBps": 143.616,
  "pool_MB": 884.736,
  "cpu_normalized_mean_pct": 2.900323275862069,
  "rss_sum_peak_MB": 2082.369536,
  "backlog_sample_peak": 16,
  "gpu": "NA"
}
