{
  "status": "ok",
  "failure": null,
  "cameras": 6,
  "width": 1280,
  "height": 720,
  "target_fps": 30,
  "duration_s": 30.0,
  "delay_ms": 15.0,
  "policy": "fifo",
  "slots": 32,
  "aggregate_fps": 61.2,
  "min_camera_fps": 10.2,
  "completion_ratio": 0.34,
  "explicit_drop_pct": 62.46296296296296,
  "deadline_miss_pct": 0.0,
  "backlog_at_end": 191,
  "latency_mean_ms": 2890.5416039759507,
  "latency_p95_ms": 3158.047950000764,
  "queue_wait_p95_ms": 3141.4787999929104,
  "copy_p95_ms": 1.9100249955954496,
  "target_payload_Mbps": 6635.52,
  "completed_payload_MBps": 282.0096,
  "pool_MB": 884.736,
  "cpu_normalized_mean_pct": 1.1211864406779661,
  "rss_sum_peak_MB": 2083.127296,
  "backlog_sample_peak": 191,
  "gpu": "NA"
}
