{
  "status": "ok",
  "failure": null,
  "cameras": 6,
  "width": 1280,
  "height": 720,
  "target_fps": 30,
  "duration_s": 30.0,
  "delay_ms": 0.0,
  "policy": "latest",
  "slots": 32,
  "aggregate_fps": 179.56666666666666,
  "min_camera_fps": 29.9,
  "completion_ratio": 0.9975925925925926,
  "explicit_drop_pct": 0.24074074074074073,
  "deadline_miss_pct": 0.0,
  "backlog_at_end": 0,
  "latency_mean_ms": 6.078075552188393,
  "latency_p95_ms": 12.443389998225026,
  "queue_wait_p95_ms": 7.385469993459992,
  "copy_p95_ms": 1.962659999844618,
  "target_payload_Mbps": 6635.52,
  "completed_payload_MBps": 827.4432,
  "pool_MB": 884.736,
  "cpu_normalized_mean_pct": 4.402754237288136,
  "rss_sum_peak_MB": 1997.852672,
  "backlog_sample_peak": 5,
  "gpu": "NA"
}
