{
  "status": "ok",
  "failure": null,
  "cameras": 6,
  "width": 1280,
  "height": 720,
  "target_fps": 30,
  "duration_s": 30.0,
  "delay_ms": 0.0,
  "policy": "latest",
  "slots": 32,
  "aggregate_fps": 180.0,
  "min_camera_fps": 30.0,
  "completion_ratio": 1.0,
  "explicit_drop_pct": 0.0,
  "deadline_miss_pct": 0.0,
  "backlog_at_end": 0,
  "latency_mean_ms": 4.336080870319468,
  "latency_p95_ms": 6.0171099939907435,
  "queue_wait_p95_ms": 3.1494149996433407,
  "copy_p95_ms": 0.6531499951961459,
  "target_payload_Mbps": 6635.52,
  "completed_payload_MBps": 829.44,
  "pool_MB": 884.736,
  "cpu_normalized_mean_pct": 3.490889830508475,
  "rss_sum_peak_MB": 2088.935424,
  "backlog_sample_peak": 5,
  "gpu": "NA"
}
