{
  "status": "ok",
  "failure": null,
  "cameras": 6,
  "width": 1280,
  "height": 720,
  "target_fps": 30,
  "duration_s": 30.0,
  "delay_ms": 15.0,
  "policy": "latest",
  "slots": 32,
  "aggregate_fps": 59.86666666666667,
  "min_camera_fps": 9.8,
  "completion_ratio": 0.3325925925925926,
  "explicit_drop_pct": 66.62962962962963,
  "deadline_miss_pct": 0.0,
  "backlog_at_end": 6,
  "latency_mean_ms": 35.57564688181974,
  "latency_p95_ms": 52.951425008359365,
  "queue_wait_p95_ms": 34.06104999157833,
  "copy_p95_ms": 2.0846750085183885,
  "target_payload_Mbps": 6635.52,
  "completed_payload_MBps": 275.8656,
  "pool_MB": 884.736,
  "cpu_normalized_mean_pct": 2.313685344827586,
  "rss_sum_peak_MB": 2076.962816,
  "backlog_sample_peak": 11,
  "gpu": "NA"
}
