{
  "status": "ok",
  "failure": null,
  "cameras": 6,
  "width": 1280,
  "height": 720,
  "target_fps": 30,
  "duration_s": 30.0,
  "delay_ms": 15.0,
  "policy": "fifo",
  "slots": 32,
  "aggregate_fps": 61.3,
  "min_camera_fps": 10.2,
  "completion_ratio": 0.34055555555555556,
  "explicit_drop_pct": 62.407407407407405,
  "deadline_miss_pct": 0.0,
  "backlog_at_end": 191,
  "latency_mean_ms": 2881.6752145186974,
  "latency_p95_ms": 3143.6106800014386,
  "queue_wait_p95_ms": 3126.1367800005246,
  "copy_p95_ms": 1.8637100016348995,
  "target_payload_Mbps": 6635.52,
  "completed_payload_MBps": 282.4704,
  "pool_MB": 884.736,
  "cpu_normalized_mean_pct": 1.1555084745762711,
  "rss_sum_peak_MB": 2066.231296,
  "backlog_sample_peak": 191,
  "gpu": "NA"
}
