{
  "status": "ok",
  "failure": null,
  "cameras": 6,
  "width": 1280,
  "height": 720,
  "target_fps": 30,
  "duration_s": 30.0,
  "delay_ms": 30.0,
  "policy": "latest",
  "slots": 32,
  "aggregate_fps": 31.033333333333335,
  "min_camera_fps": 5.133333333333334,
  "completion_ratio": 0.1724074074074074,
  "explicit_drop_pct": 82.64814814814815,
  "deadline_miss_pct": 0.0,
  "backlog_at_end": 6,
  "latency_mean_ms": 50.996785177242145,
  "latency_p95_ms": 68.04050000209827,
  "queue_wait_p95_ms": 33.722250002028886,
  "copy_p95_ms": 2.3500000024796464,
  "target_payload_Mbps": 6635.52,
  "completed_payload_MBps": 143.0016,
  "pool_MB": 884.736,
  "cpu_normalized_mean_pct": 4.387715517241379,
  "rss_sum_peak_MB": 1941.721088,
  "backlog_sample_peak": 14,
  "gpu": "NA"
}
