{
  "status": "ok",
  "failure": null,
  "cameras": 6,
  "width": 1280,
  "height": 720,
  "target_fps": 30,
  "duration_s": 30.0,
  "delay_ms": 15.0,
  "policy": "latest",
  "slots": 32,
  "aggregate_fps": 59.7,
  "min_camera_fps": 9.833333333333334,
  "completion_ratio": 0.33166666666666667,
  "explicit_drop_pct": 66.72222222222223,
  "deadline_miss_pct": 0.0,
  "backlog_at_end": 6,
  "latency_mean_ms": 35.208474763062036,
  "latency_p95_ms": 53.119749994948506,
  "queue_wait_p95_ms": 34.36889999284176,
  "copy_p95_ms": 2.0581499993568286,
  "target_payload_Mbps": 6635.52,
  "completed_payload_MBps": 275.0976,
  "pool_MB": 884.736,
  "cpu_normalized_mean_pct": 4.092349137931034,
  "rss_sum_peak_MB": 1935.020032,
  "backlog_sample_peak": 11,
  "gpu": "NA"
}
