{
  "status": "ok",
  "failure": null,
  "cameras": 6,
  "width": 1280,
  "height": 720,
  "target_fps": 30,
  "duration_s": 30.0,
  "delay_ms": 15.0,
  "policy": "fifo",
  "slots": 32,
  "aggregate_fps": 60.8,
  "min_camera_fps": 10.133333333333333,
  "completion_ratio": 0.3377777777777778,
  "explicit_drop_pct": 62.68518518518518,
  "deadline_miss_pct": 0.0,
  "backlog_at_end": 191,
  "latency_mean_ms": 2907.2423169955714,
  "latency_p95_ms": 3223.625789993821,
  "queue_wait_p95_ms": 3205.353224986902,
  "copy_p95_ms": 2.024229992821347,
  "target_payload_Mbps": 6635.52,
  "completed_payload_MBps": 280.1664,
  "pool_MB": 884.736,
  "cpu_normalized_mean_pct": 1.3,
  "rss_sum_peak_MB": 1992.912896,
  "backlog_sample_peak": 191,
  "gpu": "NA"
}
