{
  "status": "ok",
  "failure": null,
  "cameras": 6,
  "width": 1280,
  "height": 720,
  "target_fps": 30,
  "duration_s": 30.0,
  "delay_ms": 15.0,
  "policy": "latest",
  "slots": 32,
  "aggregate_fps": 59.43333333333333,
  "min_camera_fps": 9.866666666666667,
  "completion_ratio": 0.3301851851851852,
  "explicit_drop_pct": 66.87037037037037,
  "deadline_miss_pct": 0.0,
  "backlog_at_end": 6,
  "latency_mean_ms": 35.085064329783016,
  "latency_p95_ms": 52.93715000589145,
  "queue_wait_p95_ms": 34.082719996513326,
  "copy_p95_ms": 2.1011799952248107,
  "target_payload_Mbps": 6635.52,
  "completed_payload_MBps": 273.8688,
  "pool_MB": 884.736,
  "cpu_normalized_mean_pct": 3.8230932203389827,
  "rss_sum_peak_MB": 2008.367104,
  "backlog_sample_peak": 11,
  "gpu": "NA"
}
