{
  "status": "ok",
  "failure": null,
  "cameras": 1,
  "width": 424,
  "height": 240,
  "target_fps": 5,
  "duration_s": 30.0,
  "delay_ms": 0.0,
  "policy": "fifo",
  "slots": 32,
  "aggregate_fps": 5.0,
  "min_camera_fps": 5.0,
  "completion_ratio": 1.0,
  "explicit_drop_pct": 0.0,
  "deadline_miss_pct": 0.0,
  "backlog_at_end": 0,
  "latency_mean_ms": 0.6959153331505755,
  "latency_p95_ms": 1.0064800073450892,
  "queue_wait_p95_ms": 0.4274499959137747,
  "copy_p95_ms": 0.2831500009051523,
  "target_payload_Mbps": 20.352,
  "completed_payload_MBps": 2.544,
  "pool_MB": 16.2816,
  "cpu_normalized_mean_pct": 0.1125,
  "rss_sum_peak_MB": 110.952448,
  "backlog_sample_peak": 1,
  "gpu": "NA"
}
