{
  "status": "ok",
  "failure": null,
  "cameras": 2,
  "width": 1280,
  "height": 720,
  "target_fps": 30,
  "duration_s": 30.0,
  "delay_ms": 0.0,
  "policy": "fifo",
  "slots": 32,
  "aggregate_fps": 60.0,
  "min_camera_fps": 30.0,
  "completion_ratio": 1.0,
  "explicit_drop_pct": 0.0,
  "deadline_miss_pct": 0.0,
  "backlog_at_end": 0,
  "latency_mean_ms": 1.9052372223571485,
  "latency_p95_ms": 2.698424998379778,
  "queue_wait_p95_ms": 0.9218850042088887,
  "copy_p95_ms": 0.5976600084977688,
  "target_payload_Mbps": 2211.84,
  "completed_payload_MBps": 276.48,
  "pool_MB": 294.912,
  "cpu_normalized_mean_pct": 0.5350635593220339,
  "rss_sum_peak_MB": 727.863296,
  "backlog_sample_peak": 1,
  "gpu": "NA"
}
