{
  "status": "ok",
  "failure": null,
  "cameras": 2,
  "width": 640,
  "height": 480,
  "target_fps": 30,
  "duration_s": 30.0,
  "delay_ms": 0.0,
  "policy": "fifo",
  "slots": 32,
  "aggregate_fps": 60.0,
  "min_camera_fps": 30.0,
  "completion_ratio": 1.0,
  "explicit_drop_pct": 0.0,
  "deadline_miss_pct": 0.0,
  "backlog_at_end": 0,
  "latency_mean_ms": 0.9628990001187453,
  "latency_p95_ms": 1.5090699998836488,
  "queue_wait_p95_ms": 0.7372749954811296,
  "copy_p95_ms": 0.32592499410384335,
  "target_payload_Mbps": 737.28,
  "completed_payload_MBps": 92.16,
  "pool_MB": 98.304,
  "cpu_normalized_mean_pct": 0.5314655172413794,
  "rss_sum_peak_MB": 319.053824,
  "backlog_sample_peak": 2,
  "gpu": "NA"
}
