{
  "status": "ok",
  "failure": null,
  "cameras": 6,
  "width": 640,
  "height": 480,
  "target_fps": 30,
  "duration_s": 30.0,
  "delay_ms": 0.0,
  "policy": "fifo",
  "slots": 32,
  "aggregate_fps": 180.0,
  "min_camera_fps": 30.0,
  "completion_ratio": 1.0,
  "explicit_drop_pct": 0.0,
  "deadline_miss_pct": 0.0,
  "backlog_at_end": 0,
  "latency_mean_ms": 2.1758605184893693,
  "latency_p95_ms": 3.8776450135628697,
  "queue_wait_p95_ms": 2.3879750035121123,
  "copy_p95_ms": 0.5655849985487297,
  "target_payload_Mbps": 2211.84,
  "completed_payload_MBps": 276.48,
  "pool_MB": 294.912,
  "cpu_normalized_mean_pct": 2.0106991525423727,
  "rss_sum_peak_MB": 869.363712,
  "backlog_sample_peak": 5,
  "gpu": "NA"
}
