{
  "status": "ok",
  "failure": null,
  "cameras": 4,
  "width": 1280,
  "height": 720,
  "target_fps": 30,
  "duration_s": 30.0,
  "delay_ms": 0.0,
  "policy": "fifo",
  "slots": 32,
  "aggregate_fps": 120.0,
  "min_camera_fps": 30.0,
  "completion_ratio": 1.0,
  "explicit_drop_pct": 0.0,
  "deadline_miss_pct": 0.0,
  "backlog_at_end": 0,
  "latency_mean_ms": 3.5489993334461665,
  "latency_p95_ms": 5.114004995994034,
  "queue_wait_p95_ms": 2.5134150018857326,
  "copy_p95_ms": 0.809819994174175,
  "target_payload_Mbps": 4423.68,
  "completed_payload_MBps": 552.96,
  "pool_MB": 589.824,
  "cpu_normalized_mean_pct": 2.2566737288135594,
  "rss_sum_peak_MB": 1408.90112,
  "backlog_sample_peak": 3,
  "gpu": "NA"
}
