{
  "status": "ok",
  "failure": null,
  "cameras": 6,
  "width": 424,
  "height": 240,
  "target_fps": 5,
  "duration_s": 30.0,
  "delay_ms": 0.0,
  "policy": "fifo",
  "slots": 32,
  "aggregate_fps": 30.0,
  "min_camera_fps": 5.0,
  "completion_ratio": 1.0,
  "explicit_drop_pct": 0.0,
  "deadline_miss_pct": 0.0,
  "backlog_at_end": 0,
  "latency_mean_ms": 1.2704248888055898,
  "latency_p95_ms": 2.32673500140663,
  "queue_wait_p95_ms": 1.6178399935597554,
  "copy_p95_ms": 0.22952500148676333,
  "target_payload_Mbps": 122.112,
  "completed_payload_MBps": 15.264,
  "pool_MB": 97.6896,
  "cpu_normalized_mean_pct": 0.25116525423728814,
  "rss_sum_peak_MB": 467.161088,
  "backlog_sample_peak": 6,
  "gpu": "NA"
}
