{
  "status": "ok",
  "failure": null,
  "cameras": 1,
  "width": 424,
  "height": 240,
  "target_fps": 5,
  "duration_s": 30.0,
  "delay_ms": 0.0,
  "policy": "fifo",
  "slots": 32,
  "aggregate_fps": 5.0,
  "min_camera_fps": 5.0,
  "completion_ratio": 1.0,
  "explicit_drop_pct": 0.0,
  "deadline_miss_pct": 0.0,
  "backlog_at_end": 0,
  "latency_mean_ms": 0.5390259999937067,
  "latency_p95_ms": 0.9820150044106412,
  "queue_wait_p95_ms": 0.3022400007466785,
  "copy_p95_ms": 0.2710799977649003,
  "target_payload_Mbps": 20.352,
  "completed_payload_MBps": 2.544,
  "pool_MB": 16.2816,
  "cpu_normalized_mean_pct": 0.08146186440677965,
  "rss_sum_peak_MB": 110.964736,
  "backlog_sample_peak": 0,
  "gpu": "NA"
}
