{
  "status": "ok",
  "failure": null,
  "cameras": 4,
  "width": 1280,
  "height": 720,
  "target_fps": 30,
  "duration_s": 30.0,
  "delay_ms": 0.0,
  "policy": "fifo",
  "slots": 32,
  "aggregate_fps": 120.0,
  "min_camera_fps": 30.0,
  "completion_ratio": 1.0,
  "explicit_drop_pct": 0.0,
  "deadline_miss_pct": 0.0,
  "backlog_at_end": 0,
  "latency_mean_ms": 3.219600055640007,
  "latency_p95_ms": 4.60727499666973,
  "queue_wait_p95_ms": 1.9411000095715276,
  "copy_p95_ms": 0.92302999983076,
  "target_payload_Mbps": 4423.68,
  "completed_payload_MBps": 552.96,
  "pool_MB": 589.824,
  "cpu_normalized_mean_pct": 1.9806144067796612,
  "rss_sum_peak_MB": 1411.452928,
  "backlog_sample_peak": 3,
  "gpu": "NA"
}
