{
  "status": "ok",
  "failure": null,
  "cameras": 1,
  "width": 640,
  "height": 480,
  "target_fps": 30,
  "duration_s": 30.0,
  "delay_ms": 0.0,
  "policy": "fifo",
  "slots": 32,
  "aggregate_fps": 30.0,
  "min_camera_fps": 30.0,
  "completion_ratio": 1.0,
  "explicit_drop_pct": 0.0,
  "deadline_miss_pct": 0.0,
  "backlog_at_end": 0,
  "latency_mean_ms": 0.6488442222083298,
  "latency_p95_ms": 1.0074350015202072,
  "queue_wait_p95_ms": 0.28550499118864536,
  "copy_p95_ms": 0.3035299974726513,
  "target_payload_Mbps": 368.64,
  "completed_payload_MBps": 46.08,
  "pool_MB": 49.152,
  "cpu_normalized_mean_pct": 0.3983050847457627,
  "rss_sum_peak_MB": 179.941376,
  "backlog_sample_peak": 0,
  "gpu": "NA"
}
