{
  "status": "ok",
  "failure": null,
  "cameras": 6,
  "width": 1280,
  "height": 720,
  "target_fps": 30,
  "duration_s": 30.0,
  "delay_ms": 0.0,
  "policy": "fifo",
  "slots": 32,
  "aggregate_fps": 180.0,
  "min_camera_fps": 30.0,
  "completion_ratio": 1.0,
  "explicit_drop_pct": 0.0,
  "deadline_miss_pct": 0.0,
  "backlog_at_end": 0,
  "latency_mean_ms": 4.492693148069385,
  "latency_p95_ms": 6.689155002095504,
  "queue_wait_p95_ms": 3.2832149998284876,
  "copy_p95_ms": 0.9230149989889473,
  "target_payload_Mbps": 6635.52,
  "completed_payload_MBps": 829.44,
  "pool_MB": 884.736,
  "cpu_normalized_mean_pct": 3.3526483050847453,
  "rss_sum_peak_MB": 2093.52704,
  "backlog_sample_peak": 5,
  "gpu": "NA"
}
