{
  "status": "ok",
  "failure": null,
  "cameras": 6,
  "width": 424,
  "height": 240,
  "target_fps": 5,
  "duration_s": 30.0,
  "delay_ms": 0.0,
  "policy": "fifo",
  "slots": 32,
  "aggregate_fps": 30.0,
  "min_camera_fps": 5.0,
  "completion_ratio": 1.0,
  "explicit_drop_pct": 0.0,
  "deadline_miss_pct": 0.0,
  "backlog_at_end": 0,
  "latency_mean_ms": 1.1631995554974612,
  "latency_p95_ms": 2.182809999067103,
  "queue_wait_p95_ms": 1.5801400033524249,
  "copy_p95_ms": 0.23129999972297802,
  "target_payload_Mbps": 122.112,
  "completed_payload_MBps": 15.264,
  "pool_MB": 97.6896,
  "cpu_normalized_mean_pct": 0.17182203389830508,
  "rss_sum_peak_MB": 464.73216,
  "backlog_sample_peak": 5,
  "gpu": "NA"
}
