{
  "status": "ok",
  "failure": null,
  "cameras": 1,
  "width": 640,
  "height": 480,
  "target_fps": 30,
  "duration_s": 30.0,
  "delay_ms": 0.0,
  "policy": "fifo",
  "slots": 32,
  "aggregate_fps": 30.0,
  "min_camera_fps": 30.0,
  "completion_ratio": 1.0,
  "explicit_drop_pct": 0.0,
  "deadline_miss_pct": 0.0,
  "backlog_at_end": 0,
  "latency_mean_ms": 0.7309266665187251,
  "latency_p95_ms": 1.14989500871161,
  "queue_wait_p95_ms": 0.3233100025681779,
  "copy_p95_ms": 0.3092449958785435,
  "target_payload_Mbps": 368.64,
  "completed_payload_MBps": 46.08,
  "pool_MB": 49.152,
  "cpu_normalized_mean_pct": 0.34084051724137937,
  "rss_sum_peak_MB": 180.14208,
  "backlog_sample_peak": 1,
  "gpu": "NA"
}
