{
  "status": "ok",
  "failure": null,
  "cameras": 4,
  "width": 424,
  "height": 240,
  "target_fps": 5,
  "duration_s": 30.0,
  "delay_ms": 0.0,
  "policy": "fifo",
  "slots": 32,
  "aggregate_fps": 20.0,
  "min_camera_fps": 5.0,
  "completion_ratio": 1.0,
  "explicit_drop_pct": 0.0,
  "deadline_miss_pct": 0.0,
  "backlog_at_end": 0,
  "latency_mean_ms": 0.9909523335954873,
  "latency_p95_ms": 1.7482749964983668,
  "queue_wait_p95_ms": 1.1147050005092747,
  "copy_p95_ms": 0.24691500220797025,
  "target_payload_Mbps": 81.408,
  "completed_payload_MBps": 10.176,
  "pool_MB": 65.1264,
  "cpu_normalized_mean_pct": 0.17467672413793103,
  "rss_sum_peak_MB": 323.411968,
  "backlog_sample_peak": 3,
  "gpu": "NA"
}
