{
  "status": "ok",
  "failure": null,
  "cameras": 6,
  "width": 424,
  "height": 240,
  "target_fps": 5,
  "duration_s": 30.0,
  "delay_ms": 0.0,
  "policy": "fifo",
  "slots": 32,
  "aggregate_fps": 30.0,
  "min_camera_fps": 5.0,
  "completion_ratio": 1.0,
  "explicit_drop_pct": 0.0,
  "deadline_miss_pct": 0.0,
  "backlog_at_end": 0,
  "latency_mean_ms": 1.3291552218854323,
  "latency_p95_ms": 2.420230005373014,
  "queue_wait_p95_ms": 1.6848799910803787,
  "copy_p95_ms": 0.24859998738975264,
  "target_payload_Mbps": 122.112,
  "completed_payload_MBps": 15.264,
  "pool_MB": 97.6896,
  "cpu_normalized_mean_pct": 0.1301906779661017,
  "rss_sum_peak_MB": 465.22368,
  "backlog_sample_peak": 5,
  "gpu": "NA"
}
