{
  "status": "ok",
  "failure": null,
  "cameras": 1,
  "width": 1280,
  "height": 720,
  "target_fps": 30,
  "duration_s": 30.0,
  "delay_ms": 0.0,
  "policy": "fifo",
  "slots": 32,
  "aggregate_fps": 30.0,
  "min_camera_fps": 30.0,
  "completion_ratio": 1.0,
  "explicit_drop_pct": 0.0,
  "deadline_miss_pct": 0.0,
  "backlog_at_end": 0,
  "latency_mean_ms": 1.3853621109188277,
  "latency_p95_ms": 1.8955450053908853,
  "queue_wait_p95_ms": 0.29199499695096154,
  "copy_p95_ms": 0.815639991196803,
  "target_payload_Mbps": 1105.92,
  "completed_payload_MBps": 138.24,
  "pool_MB": 147.456,
  "cpu_normalized_mean_pct": 0.33230932203389835,
  "rss_sum_peak_MB": 386.420736,
  "backlog_sample_peak": 0,
  "gpu": "NA"
}
