{
  "status": "ok",
  "failure": null,
  "cameras": 2,
  "width": 424,
  "height": 240,
  "target_fps": 5,
  "duration_s": 30.0,
  "delay_ms": 0.0,
  "policy": "fifo",
  "slots": 32,
  "aggregate_fps": 10.0,
  "min_camera_fps": 5.0,
  "completion_ratio": 1.0,
  "explicit_drop_pct": 0.0,
  "deadline_miss_pct": 0.0,
  "backlog_at_end": 0,
  "latency_mean_ms": 0.7204626661162669,
  "latency_p95_ms": 1.3283549997140653,
  "queue_wait_p95_ms": 0.7171550001658035,
  "copy_p95_ms": 0.2706900035263972,
  "target_payload_Mbps": 40.704,
  "completed_payload_MBps": 5.088,
  "pool_MB": 32.5632,
  "cpu_normalized_mean_pct": 0.12764830508474576,
  "rss_sum_peak_MB": 182.370304,
  "backlog_sample_peak": 2,
  "gpu": "NA"
}
