{
  "status": "ok",
  "failure": null,
  "cameras": 4,
  "width": 640,
  "height": 480,
  "target_fps": 30,
  "duration_s": 30.0,
  "delay_ms": 0.0,
  "policy": "fifo",
  "slots": 32,
  "aggregate_fps": 120.0,
  "min_camera_fps": 30.0,
  "completion_ratio": 1.0,
  "explicit_drop_pct": 0.0,
  "deadline_miss_pct": 0.0,
  "backlog_at_end": 0,
  "latency_mean_ms": 1.4607099998304167,
  "latency_p95_ms": 2.450205001514405,
  "queue_wait_p95_ms": 1.393724990339251,
  "copy_p95_ms": 0.40616000624140636,
  "target_payload_Mbps": 1474.56,
  "completed_payload_MBps": 184.32,
  "pool_MB": 196.608,
  "cpu_normalized_mean_pct": 1.2252118644067798,
  "rss_sum_peak_MB": 597.168128,
  "backlog_sample_peak": 3,
  "gpu": "NA"
}
