{
  "status": "ok",
  "failure": null,
  "cameras": 6,
  "width": 640,
  "height": 480,
  "target_fps": 30,
  "duration_s": 30.0,
  "delay_ms": 0.0,
  "policy": "fifo",
  "slots": 32,
  "aggregate_fps": 180.0,
  "min_camera_fps": 30.0,
  "completion_ratio": 1.0,
  "explicit_drop_pct": 0.0,
  "deadline_miss_pct": 0.0,
  "backlog_at_end": 0,
  "latency_mean_ms": 1.850893370428821,
  "latency_p95_ms": 2.7492099936353047,
  "queue_wait_p95_ms": 1.6697149956598878,
  "copy_p95_ms": 0.28684000062639875,
  "target_payload_Mbps": 2211.84,
  "completed_payload_MBps": 276.48,
  "pool_MB": 294.912,
  "cpu_normalized_mean_pct": 1.5987288135593223,
  "rss_sum_peak_MB": 875.19232,
  "backlog_sample_peak": 6,
  "gpu": "NA"
}
