{
  "status": "ok",
  "failure": null,
  "cameras": 2,
  "width": 424,
  "height": 240,
  "target_fps": 5,
  "duration_s": 30.0,
  "delay_ms": 0.0,
  "policy": "fifo",
  "slots": 32,
  "aggregate_fps": 10.0,
  "min_camera_fps": 5.0,
  "completion_ratio": 1.0,
  "explicit_drop_pct": 0.0,
  "deadline_miss_pct": 0.0,
  "backlog_at_end": 0,
  "latency_mean_ms": 0.7134033331143049,
  "latency_p95_ms": 1.218135005183285,
  "queue_wait_p95_ms": 0.670724998053629,
  "copy_p95_ms": 0.260714990872657,
  "target_payload_Mbps": 40.704,
  "completed_payload_MBps": 5.088,
  "pool_MB": 32.5632,
  "cpu_normalized_mean_pct": 0.0075211864406779655,
  "rss_sum_peak_MB": 181.907456,
  "backlog_sample_peak": 2,
  "gpu": "NA"
}
