{
  "status": "ok",
  "failure": null,
  "cameras": 1,
  "width": 424,
  "height": 240,
  "target_fps": 5,
  "duration_s": 30.0,
  "delay_ms": 0.0,
  "policy": "fifo",
  "slots": 32,
  "aggregate_fps": 5.0,
  "min_camera_fps": 5.0,
  "completion_ratio": 1.0,
  "explicit_drop_pct": 0.0,
  "deadline_miss_pct": 0.0,
  "backlog_at_end": 0,
  "latency_mean_ms": 0.5341433325277952,
  "latency_p95_ms": 1.000759998714784,
  "queue_wait_p95_ms": 0.33404999921913237,
  "copy_p95_ms": 0.2914199991209898,
  "target_payload_Mbps": 20.352,
  "completed_payload_MBps": 2.544,
  "pool_MB": 16.2816,
  "cpu_normalized_mean_pct": 0.06769067796610169,
  "rss_sum_peak_MB": 111.214592,
  "backlog_sample_peak": 1,
  "gpu": "NA"
}
